{
  _type: 'element',
  tags: null,
  links: null,
  _stage: 'layouted',
  sourcePath: 'views.c4',
  description: {
    txt: 'Exact request path from the public CLI to compiler semantics, persisted facts, and typed result projection.',
  },
  title: 'Compiler evidence pipeline',
  id: 'compiler-evidence',
  autoLayout: {
    direction: 'LR',
    nodeSep: 60,
    rankSep: 90,
  },
  notation: {
    nodes: [
      {
        title: 'Executable boundary',
        shape: 'browser',
        color: 'primary',
        kinds: [
          'executable',
        ],
      },
      {
        title: 'Runtime component',
        shape: 'component',
        color: 'primary',
        kinds: [
          'service',
        ],
      },
      {
        title: 'Runtime component',
        shape: 'component',
        color: 'blue',
        kinds: [
          'service',
        ],
      },
      {
        title: 'Runtime component',
        shape: 'component',
        color: 'indigo',
        kinds: [
          'service',
        ],
      },
      {
        title: 'Runtime component',
        shape: 'component',
        color: 'green',
        kinds: [
          'service',
        ],
      },
      {
        title: 'Person or agent',
        shape: 'person',
        color: 'primary',
        kinds: [
          'person',
        ],
      },
      {
        title: 'System boundary',
        shape: 'rectangle',
        color: 'primary',
        kinds: [
          'platform',
        ],
      },
      {
        title: 'System boundary',
        shape: 'rectangle',
        color: 'indigo',
        kinds: [
          'platform',
        ],
      },
      {
        title: 'Typed contract',
        shape: 'rectangle',
        color: 'indigo',
        kinds: [
          'contract',
        ],
      },
      {
        title: 'Persistent evidence',
        shape: 'storage',
        color: 'green',
        kinds: [
          'datastore',
        ],
      },
    ],
  },
  hash: 'Mzojt8tr8fwklMVkXjk1ITuY-zNspk4mLcG0-ZVM3WE',
  bounds: {
    x: -16,
    y: -11,
    width: 3176,
    height: 1705,
  },
  nodes: [
    {
      id: 'developer',
      parent: null,
      level: 0,
      children: [],
      inEdges: [],
      outEdges: [
        'mwra0p',
      ],
      title: 'User or coding agent',
      modelRef: 'developer',
      shape: 'person',
      color: 'primary',
      style: {
        opacity: 15,
        size: 'md',
        border: 'solid',
      },
      description: {
        txt: 'Invokes Kast and consumes typed compiler evidence.',
      },
      tags: [
        'public',
      ],
      metadata: {
        boundary: 'public',
        trust: 'caller',
      },
      notation: 'Person or agent',
      kind: 'person',
      navigateTo: '__developer',
      x: 111,
      y: 1494,
      width: 329,
      height: 180,
      labelBBox: {
        x: 18,
        y: 56,
        width: 293,
        height: 65,
      },
      links: null,
    },
    {
      id: 'kast',
      parent: null,
      level: 0,
      children: [
        'kast.cli',
        'kast.agent',
        'kast.rpcClient',
        'kast.server',
        'kast.backend',
        'kast.evidence',
      ],
      inEdges: [
        'mwra0p',
      ],
      outEdges: [
        'sz87xu',
      ],
      title: 'Kast',
      modelRef: 'kast',
      shape: 'rectangle',
      color: 'primary',
      style: {
        opacity: 15,
        size: 'md',
        border: 'dashed',
      },
      description: {
        md: 'One typed command-line boundary for compiler-backed Kotlin discovery,\nruntime lifecycle, evidence, and semantic mutation.',
      },
      tags: [
        'public',
        'proof',
      ],
      notation: 'System boundary',
      links: [
        {
          url: 'https://github.com/amichne/kast',
          title: 'Repository',
        },
      ],
      kind: 'platform',
      depth: 2,
      navigateTo: 'runtime-components',
      x: 4,
      y: 9,
      width: 2529,
      height: 1447,
      labelBBox: {
        x: 6,
        y: 0,
        width: 34,
        height: 15,
      },
    },
    {
      id: 'kast.cli',
      parent: 'kast',
      level: 1,
      children: [],
      inEdges: [
        'mwra0p',
        '1y93acs',
      ],
      outEdges: [
        'rqlo7p',
      ],
      title: 'kast CLI',
      modelRef: 'kast.cli',
      shape: 'browser',
      color: 'primary',
      style: {
        opacity: 15,
        size: 'md',
        border: 'solid',
      },
      description: {
        txt: 'Parses public commands and dispatches typed command families.',
      },
      tags: [
        'public',
      ],
      metadata: {
        source: 'cli-rs/src/interface/cli/root.rs',
        output: [
          'human',
          'TOON',
          'JSON compatibility',
        ],
      },
      notation: 'Executable boundary',
      links: [
        {
          url: 'https://github.com/amichne/kast/blob/main/cli-rs/src/interface/cli/root.rs',
          title: 'Source',
        },
      ],
      technology: 'Rust + Clap',
      kind: 'executable',
      navigateTo: '__kast_cli',
      x: 759,
      y: 1194,
      width: 361,
      height: 180,
      labelBBox: {
        x: 22,
        y: 46,
        width: 318,
        height: 85,
      },
    },
    {
      id: 'kast.agent',
      parent: 'kast',
      level: 1,
      children: [],
      inEdges: [
        'rqlo7p',
      ],
      outEdges: [
        'kyt823',
        'yrajrk',
      ],
      title: 'Agent command dispatch',
      modelRef: 'kast.agent',
      shape: 'component',
      color: 'primary',
      style: {
        opacity: 15,
        size: 'md',
        border: 'solid',
      },
      description: {
        txt: 'Normalizes agent commands into bounded requests with coverage and next-action evidence.',
      },
      tags: [
        'public',
      ],
      metadata: {
        source: 'cli-rs/src/agent/core/dispatch/commands.rs',
        request: 'AgentEnvelope',
      },
      notation: 'Runtime component',
      links: [
        {
          url: 'https://github.com/amichne/kast/blob/main/cli-rs/src/agent/core/dispatch/commands.rs',
          title: 'Source',
        },
      ],
      technology: 'Rust',
      kind: 'service',
      navigateTo: '__kast_agent',
      x: 1404,
      y: 978,
      width: 365,
      height: 180,
      labelBBox: {
        x: 39,
        y: 37,
        width: 289,
        height: 103,
      },
    },
    {
      id: 'kast.rpcClient',
      parent: 'kast',
      level: 1,
      children: [],
      inEdges: [
        'kyt823',
      ],
      outEdges: [
        'r6za0u',
      ],
      title: 'Runtime client',
      modelRef: 'kast.rpcClient',
      shape: 'component',
      color: 'blue',
      style: {
        opacity: 15,
        size: 'md',
      },
      description: {
        txt: 'Validates the internal command catalog and exchanges typed JSON-RPC messages.',
      },
      tags: [],
      metadata: {
        transport: 'Unix domain socket or local runtime transport',
        scope: 'exact workspace',
      },
      notation: 'Runtime component',
      technology: 'Rust + local socket',
      kind: 'service',
      navigateTo: '__kast_rpcClient',
      x: 2092,
      y: 673,
      width: 371,
      height: 180,
      labelBBox: {
        x: 38,
        y: 46,
        width: 296,
        height: 85,
      },
      links: null,
    },
    {
      id: 'kast.server',
      parent: 'kast',
      level: 1,
      children: [
        'kast.server.dispatcher',
        'kast.server.router',
        'kast.server.orchestrator',
      ],
      inEdges: [
        'r6za0u',
      ],
      outEdges: [
        '1nyozrx',
        'cwwdo',
        '1uf4fbj',
      ],
      title: 'Analysis server',
      modelRef: 'kast.server',
      shape: 'rectangle',
      color: 'primary',
      style: {
        opacity: 15,
        size: 'md',
      },
      tags: [],
      notation: 'System boundary',
      kind: 'platform',
      depth: 1,
      navigateTo: '__kast_server',
      x: 46,
      y: 566,
      width: 1773,
      height: 282,
      labelBBox: {
        x: 6,
        y: 0,
        width: 108,
        height: 15,
      },
      links: null,
    },
    {
      id: 'kast.server.dispatcher',
      parent: 'kast.server',
      level: 2,
      children: [],
      inEdges: [
        'r6za0u',
      ],
      outEdges: [
        '1lrdsh2',
      ],
      title: 'RpcAnalysisDispatcher',
      modelRef: 'kast.server.dispatcher',
      shape: 'component',
      color: 'blue',
      style: {
        opacity: 15,
        size: 'md',
      },
      description: {
        txt: 'Validates JSON-RPC envelopes and applies bounded request timeouts.',
      },
      tags: [],
      metadata: {
        fqName: 'io.github.amichne.kast.server.dispatch.RpcAnalysisDispatcher',
        source: 'analysis-server/src/main/kotlin/io/github/amichne/kast/server/dispatch/RpcAnalysisDispatcher.kt',
      },
      notation: 'Runtime component',
      links: [
        {
          url: 'https://github.com/amichne/kast/blob/main/analysis-server/src/main/kotlin/io/github/amichne/kast/server/dispatch/RpcAnalysisDispatcher.kt',
          title: 'Source',
        },
      ],
      technology: 'Kotlin coroutines',
      kind: 'service',
      navigateTo: '__kast_server_dispatcher',
      x: 88,
      y: 626,
      width: 375,
      height: 180,
      labelBBox: {
        x: 38,
        y: 46,
        width: 300,
        height: 85,
      },
    },
    {
      id: 'kast.server.router',
      parent: 'kast.server',
      level: 2,
      children: [],
      inEdges: [
        '1lrdsh2',
      ],
      outEdges: [
        '13zxuxb',
      ],
      title: 'RpcMethodRouter',
      modelRef: 'kast.server.router',
      shape: 'component',
      color: 'blue',
      style: {
        opacity: 15,
        size: 'md',
      },
      description: {
        txt: 'Checks advertised capabilities and routes raw, skill, lifecycle, and mutation methods.',
      },
      tags: [],
      metadata: {
        fqName: 'io.github.amichne.kast.server.dispatch.RpcMethodRouter',
        kastEvidence: 'compiler-resolved',
      },
      notation: 'Runtime component',
      links: [
        {
          url: 'https://github.com/amichne/kast/blob/main/analysis-server/src/main/kotlin/io/github/amichne/kast/server/dispatch/RpcMethodRouter.kt',
          title: 'Source',
        },
      ],
      technology: 'Kotlin',
      kind: 'service',
      navigateTo: '__kast_server_router',
      x: 750,
      y: 626,
      width: 360,
      height: 180,
      labelBBox: {
        x: 38,
        y: 46,
        width: 284,
        height: 85,
      },
    },
    {
      id: 'kast.server.orchestrator',
      parent: 'kast.server',
      level: 2,
      children: [],
      inEdges: [
        '13zxuxb',
      ],
      outEdges: [
        '1nyozrx',
        'cwwdo',
        '1uf4fbj',
      ],
      title: 'SkillRpcOrchestrator',
      modelRef: 'kast.server.orchestrator',
      shape: 'component',
      color: 'blue',
      style: {
        opacity: 15,
        size: 'md',
      },
      description: {
        txt: 'Owns compiler-backed discovery, navigation, diagnostics, and semantic workflows.',
      },
      tags: [],
      metadata: {
        fqName: 'io.github.amichne.kast.server.SkillRpcOrchestrator',
        source: 'analysis-server/src/main/kotlin/io/github/amichne/kast/server/skill/SkillRpcOrchestrator.kt',
      },
      notation: 'Runtime component',
      links: [
        {
          url: 'https://github.com/amichne/kast/blob/main/analysis-server/src/main/kotlin/io/github/amichne/kast/server/skill/SkillRpcOrchestrator.kt',
          title: 'Source',
        },
      ],
      technology: 'Kotlin',
      kind: 'service',
      navigateTo: '__kast_server_orchestrator',
      x: 1397,
      y: 626,
      width: 380,
      height: 180,
      labelBBox: {
        x: 38,
        y: 46,
        width: 305,
        height: 85,
      },
    },
    {
      id: 'kast.backend',
      parent: 'kast',
      level: 1,
      children: [
        'kast.backend.api',
        'kast.backend.idea',
      ],
      inEdges: [
        '1nyozrx',
      ],
      outEdges: [
        'sz87xu',
        'ym7omi',
      ],
      title: 'Compiler backend',
      modelRef: 'kast.backend',
      shape: 'rectangle',
      color: 'primary',
      style: {
        opacity: 15,
        size: 'md',
      },
      tags: [],
      notation: 'System boundary',
      kind: 'platform',
      depth: 1,
      navigateTo: '__kast_backend',
      x: 2065,
      y: 69,
      width: 426,
      height: 564,
      labelBBox: {
        x: 6,
        y: 0,
        width: 120,
        height: 15,
      },
      links: null,
    },
    {
      id: 'kast.backend.api',
      parent: 'kast.backend',
      level: 2,
      children: [],
      inEdges: [
        '1nyozrx',
      ],
      outEdges: [
        '17baxln',
      ],
      title: 'AnalysisBackend',
      modelRef: 'kast.backend.api',
      shape: 'rectangle',
      color: 'indigo',
      style: {
        opacity: 15,
        size: 'md',
      },
      description: {
        txt: 'Shared typed boundary implemented by compiler-backed hosts.',
      },
      tags: [
        'compiler',
      ],
      metadata: {
        fqName: 'io.github.amichne.kast.api.contract.backend.AnalysisBackend',
        source: 'analysis-api/src/main/kotlin/io/github/amichne/kast/api/contract/backend/AnalysisBackend.kt',
      },
      notation: 'Typed contract',
      links: [
        {
          url: 'https://github.com/amichne/kast/blob/main/analysis-api/src/main/kotlin/io/github/amichne/kast/api/contract/backend/AnalysisBackend.kt',
          title: 'Source',
        },
      ],
      technology: 'Kotlin interface',
      kind: 'contract',
      navigateTo: '__kast_backend_api',
      x: 2118,
      y: 413,
      width: 320,
      height: 180,
      labelBBox: {
        x: 25,
        y: 46,
        width: 270,
        height: 85,
      },
    },
    {
      id: 'kast.backend.idea',
      parent: 'kast.backend',
      level: 2,
      children: [],
      inEdges: [
        '17baxln',
      ],
      outEdges: [
        'sz87xu',
        'ym7omi',
      ],
      title: 'KastPluginBackend',
      modelRef: 'kast.backend.idea',
      shape: 'component',
      color: 'indigo',
      style: {
        opacity: 15,
        size: 'md',
      },
      description: {
        txt: 'Executes reads and writes inside IntelliJ read/write actions.',
      },
      tags: [
        'compiler',
      ],
      metadata: {
        fqName: 'io.github.amichne.kast.idea.backend.KastPluginBackend',
        kastEvidence: 'compiler-resolved',
      },
      notation: 'Runtime component',
      links: [
        {
          url: 'https://github.com/amichne/kast/blob/main/backend-idea/src/main/kotlin/io/github/amichne/kast/idea/backend/KastPluginBackend.kt',
          title: 'Source',
        },
      ],
      technology: 'IntelliJ PSI + Kotlin K2',
      kind: 'service',
      navigateTo: '__kast_backend_idea',
      x: 2105,
      y: 130,
      width: 345,
      height: 180,
      labelBBox: {
        x: 38,
        y: 46,
        width: 270,
        height: 85,
      },
    },
    {
      id: 'kotlinCompiler',
      parent: null,
      level: 0,
      children: [],
      inEdges: [
        'sz87xu',
      ],
      outEdges: [],
      title: 'Kotlin compiler and PSI',
      modelRef: 'kotlinCompiler',
      shape: 'rectangle',
      color: 'indigo',
      style: {
        opacity: 15,
        size: 'md',
      },
      description: {
        txt: 'Compiler-owned identities, references, diagnostics, and safe edit primitives.',
      },
      tags: [
        'compiler',
      ],
      notation: 'System boundary',
      kind: 'platform',
      navigateTo: '__kotlinCompiler',
      x: 2820,
      y: 130,
      width: 320,
      height: 180,
      labelBBox: {
        x: 30,
        y: 56,
        width: 260,
        height: 65,
      },
      links: null,
    },
    {
      id: 'kast.evidence',
      parent: 'kast',
      level: 1,
      children: [
        'kast.evidence.index',
        'kast.evidence.projection',
      ],
      inEdges: [
        'yrajrk',
        'cwwdo',
        'ym7omi',
        '1uf4fbj',
      ],
      outEdges: [
        '1y93acs',
      ],
      title: 'Evidence and projection',
      modelRef: 'kast.evidence',
      shape: 'rectangle',
      color: 'primary',
      style: {
        opacity: 15,
        size: 'md',
      },
      tags: [],
      notation: 'System boundary',
      kind: 'platform',
      depth: 1,
      navigateTo: '__kast_evidence',
      x: 2073,
      y: 893,
      width: 410,
      height: 521,
      labelBBox: {
        x: 6,
        y: 0,
        width: 162,
        height: 15,
      },
      links: null,
    },
    {
      id: 'kast.evidence.index',
      parent: 'kast.evidence',
      level: 2,
      children: [],
      inEdges: [
        'yrajrk',
        'cwwdo',
        'ym7omi',
      ],
      outEdges: [],
      title: 'SqliteSourceIndexStore',
      modelRef: 'kast.evidence.index',
      shape: 'storage',
      color: 'green',
      style: {
        opacity: 15,
        size: 'md',
        border: 'dashed',
      },
      description: {
        txt: 'Stores source inventory, declarations, references, snapshots, and semantic graph facts.',
      },
      tags: [
        'persisted',
        'proof',
      ],
      metadata: {
        fqName: 'io.github.amichne.kast.indexstore.store.SqliteSourceIndexStore',
        kastEvidence: 'compiler-resolved',
      },
      notation: 'Persistent evidence',
      links: [
        {
          url: 'https://github.com/amichne/kast/blob/main/index-store/src/main/kotlin/io/github/amichne/kast/indexstore/store/SqliteSourceIndexStore.kt',
          title: 'Source',
        },
      ],
      technology: 'SQLite WAL',
      kind: 'datastore',
      navigateTo: '__kast_evidence_index',
      x: 2114,
      y: 954,
      width: 327,
      height: 180,
      labelBBox: {
        x: 18,
        y: 37,
        width: 292,
        height: 103,
      },
    },
    {
      id: 'kast.evidence.projection',
      parent: 'kast.evidence',
      level: 2,
      children: [],
      inEdges: [
        '1uf4fbj',
      ],
      outEdges: [
        '1y93acs',
      ],
      title: 'Typed result projection',
      modelRef: 'kast.evidence.projection',
      shape: 'component',
      color: 'green',
      style: {
        opacity: 15,
        size: 'md',
        border: 'dashed',
      },
      description: {
        txt: 'Returns data together with coverage, limitations, typed failures, and next actions.',
      },
      tags: [
        'proof',
      ],
      metadata: {
        formats: [
          'human',
          'TOON',
          'JSON compatibility',
        ],
        invariant: 'data is not completeness',
      },
      notation: 'Runtime component',
      technology: 'Rust and Kotlin serializers',
      kind: 'service',
      navigateTo: '__kast_evidence_projection',
      x: 2113,
      y: 1194,
      width: 330,
      height: 180,
      labelBBox: {
        x: 40,
        y: 37,
        width: 250,
        height: 103,
      },
      links: null,
    },
  ],
  edges: [
    {
      id: 'mwra0p',
      parent: null,
      source: 'developer',
      target: 'kast.cli',
      label: 'invokes',
      relations: [
        '2ehpkm',
      ],
      color: 'primary',
      line: 'dashed',
      head: 'normal',
      technology: 'typed call',
      kind: 'call',
      points: [
        [
          441,
          1510,
        ],
        [
          534,
          1467,
        ],
        [
          652,
          1414,
        ],
        [
          750,
          1370,
        ],
      ],
      labelBBox: {
        x: 578,
        y: 1347,
        width: 68,
        height: 39,
      },
      isLabelCustomized: false,
      controlPoints: null,
      navigateTo: null,
      tags: null,
    },
    {
      id: 'rqlo7p',
      parent: 'kast',
      source: 'kast.cli',
      target: 'kast.agent',
      label: 'dispatches agent commands',
      relations: [
        '1lp10h9',
      ],
      color: 'primary',
      line: 'dashed',
      head: 'normal',
      technology: 'typed call',
      kind: 'call',
      points: [
        [
          1121,
          1224,
        ],
        [
          1206,
          1195,
        ],
        [
          1308,
          1161,
        ],
        [
          1395,
          1132,
        ],
      ],
      labelBBox: {
        x: 1168,
        y: 1108,
        width: 182,
        height: 39,
      },
      isLabelCustomized: false,
      controlPoints: null,
      navigateTo: null,
      tags: null,
    },
    {
      id: 'kyt823',
      parent: 'kast',
      source: 'kast.agent',
      target: 'kast.rpcClient',
      label: 'opens a bounded compiler request',
      relations: [
        '1pctpdh',
      ],
      color: 'secondary',
      line: 'dashed',
      head: 'vee',
      technology: 'JSON-RPC over local transport',
      kind: 'transport',
      points: [
        [
          1770,
          1034,
        ],
        [
          1894,
          1010,
        ],
        [
          2037,
          981,
        ],
        [
          2047,
          970,
        ],
        [
          2077,
          940,
        ],
        [
          2041,
          912,
        ],
        [
          2065,
          878,
        ],
        [
          2071,
          870,
        ],
        [
          2078,
          862,
        ],
        [
          2086,
          855,
        ],
      ],
      labelBBox: {
        x: 1827,
        y: 928,
        width: 220,
        height: 39,
      },
      isLabelCustomized: false,
      controlPoints: null,
      navigateTo: null,
      tags: null,
    },
    {
      id: 'r6za0u',
      parent: 'kast',
      source: 'kast.rpcClient',
      target: 'kast.server.dispatcher',
      label: 'sends JSON-RPC',
      relations: [
        '1ih7f67',
      ],
      color: 'secondary',
      line: 'dashed',
      head: 'vee',
      technology: 'JSON-RPC over local transport',
      kind: 'transport',
      points: [
        [
          2093,
          678,
        ],
        [
          2083,
          669,
        ],
        [
          2073,
          659,
        ],
        [
          2065,
          648,
        ],
        [
          2038,
          610,
        ],
        [
          2084,
          574,
        ],
        [
          2047,
          543,
        ],
        [
          1609,
          174,
        ],
        [
          1326,
          512,
        ],
        [
          759,
          596,
        ],
        [
          664,
          610,
        ],
        [
          560,
          635,
        ],
        [
          473,
          658,
        ],
      ],
      labelBBox: {
        x: 1167,
        y: 386,
        width: 184,
        height: 39,
      },
      isLabelCustomized: false,
      controlPoints: null,
      navigateTo: null,
      tags: null,
    },
    {
      id: '1lrdsh2',
      parent: 'kast.server',
      source: 'kast.server.dispatcher',
      target: 'kast.server.router',
      label: 'dispatches a validated envelope',
      relations: [
        '1xwp4d2',
      ],
      color: 'primary',
      line: 'dashed',
      head: 'normal',
      technology: 'typed call',
      kind: 'call',
      points: [
        [
          464,
          745,
        ],
        [
          479,
          747,
        ],
        [
          494,
          748,
        ],
        [
          509,
          749,
        ],
        [
          600,
          756,
        ],
        [
          623,
          756,
        ],
        [
          714,
          749,
        ],
        [
          726,
          748,
        ],
        [
          738,
          747,
        ],
        [
          750,
          746,
        ],
      ],
      labelBBox: {
        x: 578,
        y: 716,
        width: 203,
        height: 39,
      },
      isLabelCustomized: false,
      controlPoints: [
        {
          x: 578,
          y: 716,
        },
        {
          x: 635,
          y: 716,
        },
      ],
      navigateTo: null,
      tags: null,
    },
    {
      id: '13zxuxb',
      parent: 'kast.server',
      source: 'kast.server.router',
      target: 'kast.server.orchestrator',
      label: 'routes semantic reads',
      relations: [
        '1gk5axh',
      ],
      color: 'primary',
      line: 'dashed',
      head: 'normal',
      technology: 'typed call',
      kind: 'call',
      points: [
        [
          1110,
          745,
        ],
        [
          1125,
          747,
        ],
        [
          1141,
          748,
        ],
        [
          1156,
          749,
        ],
        [
          1238,
          755,
        ],
        [
          1259,
          755,
        ],
        [
          1342,
          749,
        ],
        [
          1353,
          748,
        ],
        [
          1365,
          747,
        ],
        [
          1377,
          746,
        ],
      ],
      labelBBox: {
        x: 1225,
        y: 716,
        width: 142,
        height: 39,
      },
      isLabelCustomized: false,
      controlPoints: [
        {
          x: 1225,
          y: 716,
        },
        {
          x: 1282,
          y: 716,
        },
      ],
      navigateTo: null,
      tags: null,
    },
    {
      id: '1nyozrx',
      parent: 'kast',
      source: 'kast.server.orchestrator',
      target: 'kast.backend.api',
      label: 'calls the shared backend contract',
      relations: [
        'w1zlxg',
      ],
      color: 'primary',
      line: 'dashed',
      head: 'normal',
      technology: 'typed call',
      kind: 'call',
      points: [
        [
          1778,
          696,
        ],
        [
          1894,
          683,
        ],
        [
          2026,
          664,
        ],
        [
          2047,
          646,
        ],
        [
          2065,
          631,
        ],
        [
          2049,
          614,
        ],
        [
          2065,
          597,
        ],
        [
          2078,
          583,
        ],
        [
          2093,
          571,
        ],
        [
          2110,
          561,
        ],
      ],
      labelBBox: {
        x: 1830,
        y: 604,
        width: 213,
        height: 39,
      },
      isLabelCustomized: false,
      controlPoints: null,
      navigateTo: null,
      tags: null,
    },
    {
      id: '17baxln',
      parent: 'kast.backend',
      source: 'kast.backend.api',
      target: 'kast.backend.idea',
      label: 'is implemented by',
      relations: [
        'z56f0l',
      ],
      color: 'indigo',
      line: 'dashed',
      head: 'normal',
      technology: 'compiler-backed implementation',
      kind: 'implement',
      points: [
        [
          2278,
          413,
        ],
        [
          2278,
          383,
        ],
        [
          2278,
          350,
        ],
        [
          2278,
          320,
        ],
      ],
      labelBBox: {
        x: 2159,
        y: 341,
        width: 190,
        height: 39,
      },
      isLabelCustomized: false,
      controlPoints: null,
      navigateTo: null,
      tags: null,
    },
    {
      id: 'sz87xu',
      parent: null,
      source: 'kast.backend.idea',
      target: 'kotlinCompiler',
      label: 'resolves PSI and compiler semantics',
      relations: [
        '12pil8v',
      ],
      color: 'primary',
      line: 'dashed',
      head: 'normal',
      technology: 'typed call',
      kind: 'call',
      points: [
        [
          2451,
          220,
        ],
        [
          2560,
          220,
        ],
        [
          2701,
          220,
        ],
        [
          2809,
          220,
        ],
      ],
      labelBBox: {
        x: 2540,
        y: 178,
        width: 234,
        height: 39,
      },
      isLabelCustomized: false,
      controlPoints: null,
      navigateTo: null,
      tags: null,
    },
    {
      id: 'yrajrk',
      parent: 'kast',
      source: 'kast.agent',
      target: 'kast.evidence.index',
      label: 'queries persisted evidence locally',
      relations: [
        'i529vz',
      ],
      color: 'green',
      line: 'dashed',
      head: 'normal',
      technology: 'proof-carrying result',
      kind: 'evidence',
      points: [
        [
          1770,
          1080,
        ],
        [
          1854,
          1084,
        ],
        [
          1956,
          1085,
        ],
        [
          2047,
          1078,
        ],
        [
          2066,
          1077,
        ],
        [
          2084,
          1075,
        ],
        [
          2103,
          1073,
        ],
      ],
      labelBBox: {
        x: 1830,
        y: 1036,
        width: 213,
        height: 39,
      },
      isLabelCustomized: false,
      controlPoints: null,
      navigateTo: null,
      tags: null,
    },
    {
      id: 'cwwdo',
      parent: 'kast',
      source: 'kast.server.orchestrator',
      target: 'kast.evidence.index',
      label: 'combines persisted evidence',
      relations: [
        'qh0kbj',
      ],
      color: 'green',
      line: 'dashed',
      head: 'normal',
      technology: 'proof-carrying result',
      kind: 'evidence',
      points: [
        [
          1778,
          743,
        ],
        [
          1895,
          762,
        ],
        [
          2028,
          787,
        ],
        [
          2047,
          808,
        ],
        [
          2091,
          855,
        ],
        [
          2027,
          899,
        ],
        [
          2065,
          950,
        ],
        [
          2076,
          965,
        ],
        [
          2090,
          977,
        ],
        [
          2105,
          988,
        ],
      ],
      labelBBox: {
        x: 1844,
        y: 710,
        width: 185,
        height: 39,
      },
      isLabelCustomized: false,
      controlPoints: null,
      navigateTo: null,
      tags: null,
    },
    {
      id: 'ym7omi',
      parent: 'kast',
      source: 'kast.backend.idea',
      target: 'kast.evidence.index',
      label: 'reads and writes indexed facts',
      relations: [
        '1ixvvi0',
      ],
      color: 'green',
      line: 'dashed',
      head: 'normal',
      technology: 'proof-carrying result',
      kind: 'evidence',
      points: [
        [
          2110,
          310,
        ],
        [
          2026,
          365,
        ],
        [
          1933,
          444,
        ],
        [
          1889,
          544,
        ],
        [
          1810,
          724,
        ],
        [
          1924,
          814,
        ],
        [
          2065,
          950,
        ],
        [
          2077,
          961,
        ],
        [
          2090,
          971,
        ],
        [
          2105,
          980,
        ],
      ],
      labelBBox: {
        x: 1840,
        y: 545,
        width: 193,
        height: 39,
      },
      isLabelCustomized: false,
      controlPoints: null,
      navigateTo: null,
      tags: null,
    },
    {
      id: '1uf4fbj',
      parent: 'kast',
      source: 'kast.server.orchestrator',
      target: 'kast.evidence.projection',
      label: 'returns typed reads',
      relations: [
        'rh3vhw',
      ],
      color: 'green',
      line: 'dashed',
      head: 'normal',
      technology: 'proof-carrying result',
      kind: 'evidence',
      points: [
        [
          1778,
          773,
        ],
        [
          1793,
          783,
        ],
        [
          1807,
          796,
        ],
        [
          1818,
          810,
        ],
        [
          1833,
          830,
        ],
        [
          1809,
          848,
        ],
        [
          1826,
          866,
        ],
        [
          1894,
          940,
        ],
        [
          1982,
          840,
        ],
        [
          2047,
          916,
        ],
        [
          2083,
          958,
        ],
        [
          2036,
          1117,
        ],
        [
          2065,
          1164,
        ],
        [
          2076,
          1181,
        ],
        [
          2090,
          1195,
        ],
        [
          2105,
          1208,
        ],
      ],
      labelBBox: {
        x: 1874,
        y: 824,
        width: 125,
        height: 39,
      },
      isLabelCustomized: false,
      controlPoints: null,
      navigateTo: null,
      tags: null,
    },
    {
      id: '1y93acs',
      parent: 'kast',
      source: 'kast.evidence.projection',
      target: 'kast.cli',
      label: 'projects the result',
      relations: [
        'c2mfp',
      ],
      color: 'green',
      line: 'dashed',
      head: 'normal',
      technology: 'proof-carrying result',
      kind: 'evidence',
      points: [
        [
          2113,
          1284,
        ],
        [
          1865,
          1284,
        ],
        [
          1394,
          1284,
        ],
        [
          1131,
          1284,
        ],
      ],
      labelBBox: {
        x: 1525,
        y: 1242,
        width: 124,
        height: 39,
      },
      isLabelCustomized: false,
      controlPoints: null,
      navigateTo: null,
      tags: null,
    },
  ],
  _layout: 'manual',
}
