{
  _type: 'dynamic',
  tags: null,
  links: null,
  variant: 'sequence',
  _stage: 'layouted',
  sourcePath: 'flows.c4',
  description: {
    txt: 'Focused compiler refresh and semantic graph replacement remain distinct operations.',
  },
  title: 'Refresh routing',
  id: 'refresh-lifecycle',
  flow: [
    'step-01',
    {
      flow: [
        {
          flow: [
            'step-02:alt.01:when.01',
            'step-02:alt.01:when.02',
            'step-02:alt.01:when.03',
            'step-02:alt.01:when.04',
            'step-02:alt.01:when.05',
            'step-02:alt.01:when.06',
            'step-02:alt.01:when.07',
            'step-02:alt.01:when.08',
            'step-02:alt.01:when.09',
          ],
          _type: 'alt-when',
          id: 'step-02:alt.01:when',
          title: 'focused source refresh',
        },
        {
          flow: [
            'step-02:alt.02:else.01',
            'step-02:alt.02:else.02',
            'step-02:alt.02:else.03',
            'step-02:alt.02:else.04',
            'step-02:alt.02:else.05',
            'step-02:alt.02:else.06',
            'step-02:alt.02:else.07',
            'step-02:alt.02:else.08',
            'step-02:alt.02:else.09',
          ],
          _type: 'alt-else',
          id: 'step-02:alt.02:else',
          title: 'semantic graph refresh',
        },
      ],
      _type: 'alt',
      id: 'step-02:alt',
    },
    'step-03',
    'step-04',
  ],
  autoLayout: {
    direction: 'RL',
  },
  notation: {
    nodes: [
      {
        title: 'Executable boundary',
        shape: 'browser',
        color: 'secondary',
        kinds: [
          'executable',
        ],
      },
      {
        title: 'Runtime component',
        shape: 'component',
        color: 'blue',
        kinds: [
          'service',
        ],
      },
      {
        title: 'Person or agent',
        shape: 'person',
        color: 'primary',
        kinds: [
          'person',
        ],
      },
      {
        title: 'External adapter',
        shape: 'rectangle',
        color: 'muted',
        kinds: [
          'adapter',
        ],
      },
      {
        title: 'Typed contract',
        shape: 'rectangle',
        color: 'indigo',
        kinds: [
          'contract',
        ],
      },
    ],
  },
  hash: 'QrQFgCo_5uH_corBOv76LYnMXr8sOEzLOPSmnag-VhY',
  sequenceLayout: {
    actors: [
      {
        id: 'developer',
        x: 0,
        y: 0,
        width: 329,
        height: 180,
        ports: [
          {
            id: 'step-01_source',
            cx: 165,
            cy: 250,
            height: 40,
            type: 'source',
            position: 'right',
          },
          {
            id: 'step-04_target',
            cx: 165,
            cy: 1190,
            height: 24,
            type: 'target',
            position: 'right',
          },
        ],
      },
      {
        id: 'codexHooks',
        x: 409,
        y: 0,
        width: 320,
        height: 180,
        ports: [
          {
            id: 'step-02:alt.01:when.01_source',
            cx: 160,
            cy: 427,
            height: 40,
            type: 'source',
            position: 'right',
          },
        ],
      },
      {
        id: 'kast.cli',
        x: 809,
        y: 0,
        width: 361,
        height: 180,
        ports: [
          {
            id: 'step-01_target',
            cx: 181,
            cy: 250,
            height: 24,
            type: 'target',
            position: 'left',
          },
          {
            id: 'step-02:alt.01:when.01_target',
            cx: 181,
            cy: 427,
            height: 24,
            type: 'target',
            position: 'left',
          },
          {
            id: 'step-02:alt.01:when.02_source',
            cx: 181,
            cy: 449,
            height: 40,
            type: 'source',
            position: 'right',
          },
          {
            id: 'step-02:alt.02:else.01_source',
            cx: 181,
            cy: 760,
            height: 40,
            type: 'source',
            position: 'right',
          },
          {
            id: 'step-03_target',
            cx: 181,
            cy: 1168,
            height: 24,
            type: 'target',
            position: 'right',
          },
          {
            id: 'step-04_source',
            cx: 181,
            cy: 1190,
            height: 40,
            type: 'source',
            position: 'left',
          },
        ],
      },
      {
        id: 'kast.agent',
        x: 1250,
        y: 0,
        width: 385,
        height: 180,
        ports: [
          {
            id: 'step-02:alt.01:when.02_target',
            cx: 193,
            cy: 449,
            height: 24,
            type: 'target',
            position: 'left',
          },
          {
            id: 'step-02:alt.01:when.03_source',
            cx: 193,
            cy: 471,
            height: 40,
            type: 'source',
            position: 'right',
          },
          {
            id: 'step-02:alt.02:else.01_target',
            cx: 193,
            cy: 760,
            height: 24,
            type: 'target',
            position: 'left',
          },
          {
            id: 'step-02:alt.02:else.02_source',
            cx: 193,
            cy: 782,
            height: 40,
            type: 'source',
            position: 'right',
          },
        ],
      },
      {
        id: 'kast.rpcClient',
        x: 1715,
        y: 0,
        width: 395,
        height: 180,
        ports: [
          {
            id: 'step-02:alt.01:when.03_target',
            cx: 198,
            cy: 471,
            height: 24,
            type: 'target',
            position: 'left',
          },
          {
            id: 'step-02:alt.01:when.04_source',
            cx: 198,
            cy: 493,
            height: 40,
            type: 'source',
            position: 'right',
          },
          {
            id: 'step-02:alt.02:else.02_target',
            cx: 198,
            cy: 782,
            height: 24,
            type: 'target',
            position: 'left',
          },
          {
            id: 'step-02:alt.02:else.03_source',
            cx: 198,
            cy: 804,
            height: 40,
            type: 'source',
            position: 'right',
          },
        ],
      },
      {
        id: 'kast.server.dispatcher',
        x: 2190,
        y: 0,
        width: 357,
        height: 180,
        ports: [
          {
            id: 'step-02:alt.01:when.04_target',
            cx: 179,
            cy: 493,
            height: 24,
            type: 'target',
            position: 'left',
          },
          {
            id: 'step-02:alt.01:when.05_source',
            cx: 179,
            cy: 515,
            height: 40,
            type: 'source',
            position: 'right',
          },
          {
            id: 'step-02:alt.02:else.03_target',
            cx: 179,
            cy: 804,
            height: 24,
            type: 'target',
            position: 'left',
          },
          {
            id: 'step-02:alt.02:else.04_source',
            cx: 179,
            cy: 826,
            height: 40,
            type: 'source',
            position: 'right',
          },
        ],
      },
      {
        id: 'kast.server.router',
        x: 2627,
        y: 0,
        width: 390,
        height: 180,
        ports: [
          {
            id: 'step-02:alt.01:when.05_target',
            cx: 195,
            cy: 515,
            height: 24,
            type: 'target',
            position: 'left',
          },
          {
            id: 'step-02:alt.01:when.06_source',
            cx: 195,
            cy: 537,
            height: 40,
            type: 'source',
            position: 'right',
          },
          {
            id: 'step-02:alt.02:else.04_target',
            cx: 195,
            cy: 826,
            height: 24,
            type: 'target',
            position: 'left',
          },
          {
            id: 'step-02:alt.02:else.05_source',
            cx: 195,
            cy: 848,
            height: 40,
            type: 'source',
            position: 'right',
          },
        ],
      },
      {
        id: 'kast.server.orchestrator',
        x: 3097,
        y: 0,
        width: 377,
        height: 180,
        ports: [
          {
            id: 'step-02:alt.01:when.06_target',
            cx: 189,
            cy: 537,
            height: 24,
            type: 'target',
            position: 'left',
          },
          {
            id: 'step-02:alt.01:when.07_source',
            cx: 189,
            cy: 559,
            height: 40,
            type: 'source',
            position: 'right',
          },
          {
            id: 'step-02:alt.02:else.05_target',
            cx: 189,
            cy: 848,
            height: 24,
            type: 'target',
            position: 'left',
          },
          {
            id: 'step-02:alt.02:else.06_source',
            cx: 189,
            cy: 870,
            height: 40,
            type: 'source',
            position: 'right',
          },
        ],
      },
      {
        id: 'kast.indexer.refresh',
        x: 3554,
        y: 0,
        width: 380,
        height: 180,
        ports: [
          {
            id: 'step-02:alt.01:when.07_target',
            cx: 190,
            cy: 559,
            height: 24,
            type: 'target',
            position: 'left',
          },
          {
            id: 'step-02:alt.01:when.08_source',
            cx: 190,
            cy: 581,
            height: 40,
            type: 'source',
            position: 'right',
          },
        ],
      },
      {
        id: 'kast.indexer.diagnostics',
        x: 4014,
        y: 0,
        width: 330,
        height: 180,
        ports: [
          {
            id: 'step-02:alt.01:when.08_target',
            cx: 165,
            cy: 581,
            height: 24,
            type: 'target',
            position: 'left',
          },
          {
            id: 'step-02:alt.01:when.09_source',
            cx: 165,
            cy: 603,
            height: 40,
            type: 'source',
            position: 'right',
          },
        ],
      },
      {
        id: 'kast.indexer.refreshStatus',
        x: 4424,
        y: 0,
        width: 320,
        height: 180,
        ports: [
          {
            id: 'step-02:alt.01:when.09_target',
            cx: 160,
            cy: 603,
            height: 24,
            type: 'target',
            position: 'left',
          },
          {
            id: 'step-02:alt.02:else.09_target',
            cx: 160,
            cy: 1031,
            height: 24,
            type: 'target',
            position: 'right',
          },
          {
            id: 'step-03_source',
            cx: 160,
            cy: 1168,
            height: 40,
            type: 'source',
            position: 'left',
          },
        ],
      },
      {
        id: 'kast.indexer.graphExtractor',
        x: 4824,
        y: 0,
        width: 356,
        height: 180,
        ports: [
          {
            id: 'step-02:alt.02:else.06_target',
            cx: 178,
            cy: 870,
            height: 24,
            type: 'target',
            position: 'left',
          },
          {
            id: 'step-02:alt.02:else.07_source',
            cx: 178,
            cy: 892,
            height: 40,
            type: 'source',
            position: 'right',
          },
          {
            id: 'step-02:alt.02:else.09_source',
            cx: 178,
            cy: 1031,
            height: 40,
            type: 'source',
            position: 'left',
          },
        ],
      },
      {
        id: 'kast.indexer.graphWriter',
        x: 5260,
        y: 0,
        width: 399,
        height: 180,
        ports: [
          {
            id: 'step-02:alt.02:else.07_target',
            cx: 200,
            cy: 892,
            height: 24,
            type: 'target',
            position: 'left',
          },
          {
            id: 'step-02:alt.02:else.08_source',
            cx: 200,
            cy: 914,
            height: 40,
            type: 'source',
            position: 'right',
          },
        ],
      },
      {
        id: 'kast.evidence.index.writer',
        x: 5739,
        y: 0,
        width: 393,
        height: 180,
        ports: [
          {
            id: 'step-02:alt.02:else.08_target',
            cx: 197,
            cy: 914,
            height: 24,
            type: 'target',
            position: 'left',
          },
        ],
      },
    ],
    compounds: [],
    steps: [
      {
        id: 'step-01',
        sourceHandle: 'step-01_source',
        targetHandle: 'step-01_target',
        labelBBox: {
          width: 262,
          height: 43,
        },
      },
      {
        id: 'step-02:alt.01:when.01',
        sourceHandle: 'step-02:alt.01:when.01_source',
        targetHandle: 'step-02:alt.01:when.01_target',
        labelBBox: {
          width: 177,
          height: 42,
        },
      },
      {
        id: 'step-02:alt.01:when.02',
        sourceHandle: 'step-02:alt.01:when.02_source',
        targetHandle: 'step-02:alt.01:when.02_target',
        labelBBox: {
          width: 211,
          height: 43,
        },
      },
      {
        id: 'step-02:alt.01:when.03',
        sourceHandle: 'step-02:alt.01:when.03_source',
        targetHandle: 'step-02:alt.01:when.03_target',
        labelBBox: {
          width: 237,
          height: 43,
        },
      },
      {
        id: 'step-02:alt.01:when.04',
        sourceHandle: 'step-02:alt.01:when.04_source',
        targetHandle: 'step-02:alt.01:when.04_target',
        labelBBox: {
          width: 237,
          height: 43,
        },
      },
      {
        id: 'step-02:alt.01:when.05',
        sourceHandle: 'step-02:alt.01:when.05_source',
        targetHandle: 'step-02:alt.01:when.05_target',
        labelBBox: {
          width: 127,
          height: 43,
        },
      },
      {
        id: 'step-02:alt.01:when.06',
        sourceHandle: 'step-02:alt.01:when.06_source',
        targetHandle: 'step-02:alt.01:when.06_target',
        labelBBox: {
          width: 199,
          height: 43,
        },
      },
      {
        id: 'step-02:alt.01:when.07',
        sourceHandle: 'step-02:alt.01:when.07_source',
        targetHandle: 'step-02:alt.01:when.07_target',
        labelBBox: {
          width: 185,
          height: 42,
        },
      },
      {
        id: 'step-02:alt.01:when.08',
        sourceHandle: 'step-02:alt.01:when.08_source',
        targetHandle: 'step-02:alt.01:when.08_target',
        labelBBox: {
          width: 163,
          height: 43,
        },
      },
      {
        id: 'step-02:alt.01:when.09',
        sourceHandle: 'step-02:alt.01:when.09_source',
        targetHandle: 'step-02:alt.01:when.09_target',
        labelBBox: {
          width: 212,
          height: 43,
        },
      },
      {
        id: 'step-02:alt.02:else.01',
        sourceHandle: 'step-02:alt.02:else.01_source',
        targetHandle: 'step-02:alt.02:else.01_target',
        labelBBox: {
          width: 182,
          height: 42,
        },
      },
      {
        id: 'step-02:alt.02:else.02',
        sourceHandle: 'step-02:alt.02:else.02_source',
        targetHandle: 'step-02:alt.02:else.02_target',
        labelBBox: {
          width: 245,
          height: 42,
        },
      },
      {
        id: 'step-02:alt.02:else.03',
        sourceHandle: 'step-02:alt.02:else.03_source',
        targetHandle: 'step-02:alt.02:else.03_target',
        labelBBox: {
          width: 244,
          height: 42,
        },
      },
      {
        id: 'step-02:alt.02:else.04',
        sourceHandle: 'step-02:alt.02:else.04_source',
        targetHandle: 'step-02:alt.02:else.04_target',
        labelBBox: {
          width: 193,
          height: 42,
        },
      },
      {
        id: 'step-02:alt.02:else.05',
        sourceHandle: 'step-02:alt.02:else.05_source',
        targetHandle: 'step-02:alt.02:else.05_target',
        labelBBox: {
          width: 207,
          height: 42,
        },
      },
      {
        id: 'step-02:alt.02:else.06',
        sourceHandle: 'step-02:alt.02:else.06_source',
        targetHandle: 'step-02:alt.02:else.06_target',
        labelBBox: {
          width: 189,
          height: 43,
        },
      },
      {
        id: 'step-02:alt.02:else.07',
        sourceHandle: 'step-02:alt.02:else.07_source',
        targetHandle: 'step-02:alt.02:else.07_target',
        labelBBox: {
          width: 178,
          height: 43,
        },
      },
      {
        id: 'step-02:alt.02:else.08',
        sourceHandle: 'step-02:alt.02:else.08_source',
        targetHandle: 'step-02:alt.02:else.08_target',
        labelBBox: {
          width: 234,
          height: 43,
        },
      },
      {
        id: 'step-02:alt.02:else.09',
        sourceHandle: 'step-02:alt.02:else.09_source',
        targetHandle: 'step-02:alt.02:else.09_target',
        labelBBox: {
          width: 174,
          height: 43,
        },
      },
      {
        id: 'step-03',
        sourceHandle: 'step-03_source',
        targetHandle: 'step-03_target',
        labelBBox: {
          width: 244,
          height: 29,
        },
      },
      {
        id: 'step-04',
        sourceHandle: 'step-04_source',
        targetHandle: 'step-04_target',
        labelBBox: {
          width: 241,
          height: 29,
        },
      },
    ],
    parallelAreas: [],
    subflows: [
      {
        id: 'step-02:alt.01:when',
        x: 479,
        y: 357,
        width: 5497,
        height: 333,
      },
      {
        id: 'step-02:alt.02:else',
        x: 479,
        y: 690,
        width: 5497,
        height: 428,
      },
      {
        id: 'step-02:alt',
        x: 479,
        y: 327,
        width: 5497,
        height: 801,
      },
    ],
    bounds: {
      x: 0,
      y: 0,
      width: 6132,
      height: 1269,
    },
  },
  bounds: {
    x: -20,
    y: -20,
    width: 8439,
    height: 652,
  },
  nodes: [
    {
      id: 'developer',
      parent: null,
      level: 0,
      children: [],
      inEdges: [
        'step-04',
      ],
      outEdges: [
        'step-01',
      ],
      title: 'User or coding agent',
      modelRef: 'developer',
      shape: 'person',
      color: 'primary',
      style: {
        opacity: 15,
        size: 'md',
      },
      description: {
        txt: 'Invokes Kast and consumes typed compiler evidence.',
      },
      tags: [
        'public',
      ],
      metadata: {
        boundary: 'public',
        trust: 'caller',
      },
      notation: 'Person or agent',
      kind: 'person',
      navigateTo: '__developer',
      x: 0,
      y: 0,
      width: 329,
      height: 180,
      labelBBox: {
        x: 18,
        y: 56,
        width: 293,
        height: 65,
      },
      links: null,
    },
    {
      id: 'codexHooks',
      parent: null,
      level: 0,
      children: [],
      inEdges: [],
      outEdges: [
        'step-02:alt.01:when.01',
      ],
      title: 'Agent harness hooks',
      modelRef: 'codexHooks',
      shape: 'rectangle',
      color: 'muted',
      style: {
        opacity: 15,
        size: 'md',
      },
      description: {
        txt: 'Translate harness events into public Kast commands.',
      },
      tags: [
        'adapter',
      ],
      notation: 'External adapter',
      links: [
        {
          url: 'https://github.com/amichne/kast/blob/main/cli-rs/src/interface/codex/hook/runtime.rs',
          title: 'Source',
        },
      ],
      kind: 'adapter',
      navigateTo: '__codexHooks',
      x: 409,
      y: 0,
      width: 320,
      height: 180,
      labelBBox: {
        x: 20,
        y: 56,
        width: 278,
        height: 65,
      },
    },
    {
      id: 'kast.cli',
      parent: null,
      level: 0,
      children: [],
      inEdges: [
        'step-01',
        'step-02:alt.01:when.01',
        'step-03',
      ],
      outEdges: [
        'step-02:alt.01:when.02',
        'step-02:alt.02:else.01',
        'step-04',
      ],
      title: 'kast CLI',
      modelRef: 'kast.cli',
      shape: 'browser',
      color: 'secondary',
      style: {
        opacity: 15,
        size: 'md',
      },
      description: {
        txt: 'Parses public commands and dispatches typed command families.',
      },
      tags: [
        'public',
      ],
      metadata: {
        source: 'cli-rs/src/interface/cli/root.rs',
        output: [
          'human',
          'TOON',
          'JSON compatibility',
        ],
      },
      notation: 'Executable boundary',
      links: [
        {
          url: 'https://github.com/amichne/kast/blob/main/cli-rs/src/interface/cli/root.rs',
          title: 'Source',
        },
      ],
      technology: 'Rust + Clap',
      kind: 'executable',
      navigateTo: '__kast_cli',
      x: 809,
      y: 0,
      width: 361,
      height: 180,
      labelBBox: {
        x: 22,
        y: 46,
        width: 318,
        height: 84,
      },
    },
    {
      id: 'kast.agent',
      parent: null,
      level: 0,
      children: [],
      inEdges: [
        'step-02:alt.01:when.02',
        'step-02:alt.02:else.01',
      ],
      outEdges: [
        'step-02:alt.01:when.03',
        'step-02:alt.02:else.02',
      ],
      title: 'Agent command dispatch',
      modelRef: 'kast.agent',
      shape: 'component',
      color: 'blue',
      style: {
        opacity: 15,
        size: 'md',
      },
      description: {
        txt: 'Normalizes commands into bounded requests with coverage evidence.',
      },
      tags: [
        'public',
      ],
      metadata: {
        source: 'cli-rs/src/agent/core/dispatch/commands.rs',
        request: 'AgentEnvelope',
      },
      notation: 'Runtime component',
      technology: 'Rust',
      kind: 'service',
      navigateTo: '__kast_agent',
      x: 1250,
      y: 0,
      width: 385,
      height: 180,
      labelBBox: {
        x: 38,
        y: 46,
        width: 309,
        height: 84,
      },
      links: null,
    },
    {
      id: 'kast.rpcClient',
      parent: null,
      level: 0,
      children: [],
      inEdges: [
        'step-02:alt.01:when.03',
        'step-02:alt.02:else.02',
      ],
      outEdges: [
        'step-02:alt.01:when.04',
        'step-02:alt.02:else.03',
      ],
      title: 'Indexer client',
      modelRef: 'kast.rpcClient',
      shape: 'component',
      color: 'blue',
      style: {
        opacity: 15,
        size: 'md',
      },
      description: {
        txt: 'Validates the command catalog and exchanges typed JSON-RPC messages.',
      },
      tags: [],
      notation: 'Runtime component',
      technology: 'Rust + local socket',
      kind: 'service',
      navigateTo: '__kast_rpcClient',
      x: 1715,
      y: 0,
      width: 395,
      height: 180,
      labelBBox: {
        x: 39,
        y: 46,
        width: 319,
        height: 84,
      },
      links: null,
    },
    {
      id: 'kast.server.dispatcher',
      parent: null,
      level: 0,
      children: [],
      inEdges: [
        'step-02:alt.01:when.04',
        'step-02:alt.02:else.03',
      ],
      outEdges: [
        'step-02:alt.01:when.05',
        'step-02:alt.02:else.04',
      ],
      title: 'RpcAnalysisDispatcher',
      modelRef: 'kast.server.dispatcher',
      shape: 'component',
      color: 'blue',
      style: {
        opacity: 15,
        size: 'md',
      },
      description: {
        txt: 'Validates envelopes and applies bounded timeouts.',
      },
      tags: [],
      metadata: {
        fqName: 'io.github.amichne.kast.server.dispatch.RpcAnalysisDispatcher',
      },
      notation: 'Runtime component',
      technology: 'Kotlin coroutines',
      kind: 'service',
      navigateTo: '__kast_server_dispatcher',
      x: 2190,
      y: 0,
      width: 357,
      height: 180,
      labelBBox: {
        x: 38,
        y: 46,
        width: 282,
        height: 84,
      },
      links: null,
    },
    {
      id: 'kast.server.router',
      parent: null,
      level: 0,
      children: [],
      inEdges: [
        'step-02:alt.01:when.05',
        'step-02:alt.02:else.04',
      ],
      outEdges: [
        'step-02:alt.01:when.06',
        'step-02:alt.02:else.05',
      ],
      title: 'RpcMethodRouter',
      modelRef: 'kast.server.router',
      shape: 'component',
      color: 'blue',
      style: {
        opacity: 15,
        size: 'md',
      },
      description: {
        txt: 'Checks capabilities and routes typed methods.',
      },
      tags: [],
      metadata: {
        fqName: 'io.github.amichne.kast.server.dispatch.RpcMethodRouter',
      },
      notation: 'Runtime component',
      technology: 'Kotlin',
      kind: 'service',
      navigateTo: '__kast_server_router',
      x: 2627,
      y: 0,
      width: 390,
      height: 180,
      labelBBox: {
        x: 38,
        y: 55,
        width: 314,
        height: 66,
      },
      links: null,
    },
    {
      id: 'kast.server.orchestrator',
      parent: null,
      level: 0,
      children: [],
      inEdges: [
        'step-02:alt.01:when.06',
        'step-02:alt.02:else.05',
      ],
      outEdges: [
        'step-02:alt.01:when.07',
        'step-02:alt.02:else.06',
      ],
      title: 'SkillRpcOrchestrator',
      modelRef: 'kast.server.orchestrator',
      shape: 'component',
      color: 'blue',
      style: {
        opacity: 15,
        size: 'md',
      },
      description: {
        txt: 'Runs compiler-backed discovery, navigation, and diagnostics.',
      },
      tags: [],
      metadata: {
        fqName: 'io.github.amichne.kast.server.SkillRpcOrchestrator',
      },
      notation: 'Runtime component',
      technology: 'Kotlin',
      kind: 'service',
      navigateTo: '__kast_server_orchestrator',
      x: 3097,
      y: 0,
      width: 377,
      height: 180,
      labelBBox: {
        x: 38,
        y: 46,
        width: 302,
        height: 84,
      },
      links: null,
    },
    {
      id: 'kast.indexer.refresh',
      parent: null,
      level: 0,
      children: [],
      inEdges: [
        'step-02:alt.01:when.07',
      ],
      outEdges: [
        'step-02:alt.01:when.08',
      ],
      title: 'Focused compiler refresh',
      modelRef: 'kast.indexer.refresh',
      shape: 'component',
      color: 'blue',
      style: {
        opacity: 15,
        size: 'md',
      },
      description: {
        txt: 'Refreshes selected paths and returns current admission evidence.',
      },
      tags: [
        'compiler',
        'trigger',
      ],
      notation: 'Runtime component',
      technology: 'VFS + Kotlin index + PSI',
      kind: 'service',
      navigateTo: '__kast_indexer_refresh',
      x: 3554,
      y: 0,
      width: 380,
      height: 180,
      labelBBox: {
        x: 38,
        y: 46,
        width: 304,
        height: 84,
      },
      links: null,
    },
    {
      id: 'kast.indexer.diagnostics',
      parent: null,
      level: 0,
      children: [],
      inEdges: [
        'step-02:alt.01:when.08',
      ],
      outEdges: [
        'step-02:alt.01:when.09',
      ],
      title: 'Compiler diagnostics',
      modelRef: 'kast.indexer.diagnostics',
      shape: 'component',
      color: 'blue',
      style: {
        opacity: 15,
        size: 'md',
      },
      description: {
        txt: 'Returns diagnostics with content and generation evidence.',
      },
      tags: [
        'compiler',
        'proof',
      ],
      notation: 'Runtime component',
      technology: 'PSI + Analysis API',
      kind: 'service',
      navigateTo: '__kast_indexer_diagnostics',
      x: 4014,
      y: 0,
      width: 330,
      height: 180,
      labelBBox: {
        x: 40,
        y: 46,
        width: 249,
        height: 84,
      },
      links: null,
    },
    {
      id: 'kast.indexer.refreshStatus',
      parent: null,
      level: 0,
      children: [],
      inEdges: [
        'step-02:alt.01:when.09',
        'step-02:alt.02:else.09',
      ],
      outEdges: [
        'step-03',
      ],
      title: 'refresh_status evidence',
      modelRef: 'kast.indexer.refreshStatus',
      shape: 'rectangle',
      color: 'indigo',
      style: {
        opacity: 15,
        size: 'md',
      },
      description: {
        txt: 'Per-path admission, diagnostics, counts, coverage, and generation.',
      },
      tags: [
        'proof',
      ],
      notation: 'Typed contract',
      kind: 'contract',
      navigateTo: '__kast_indexer_refreshStatus',
      x: 4424,
      y: 0,
      width: 320,
      height: 180,
      labelBBox: {
        x: 24,
        y: 56,
        width: 273,
        height: 65,
      },
      links: null,
    },
    {
      id: 'kast.indexer.graphExtractor',
      parent: null,
      level: 0,
      children: [],
      inEdges: [
        'step-02:alt.02:else.06',
      ],
      outEdges: [
        'step-02:alt.02:else.07',
        'step-02:alt.02:else.09',
      ],
      title: 'Semantic graph extractor',
      modelRef: 'kast.indexer.graphExtractor',
      shape: 'component',
      color: 'blue',
      style: {
        opacity: 15,
        size: 'md',
      },
      description: {
        txt: 'Extracts symbols, types, calls, ownership, and edge occurrences.',
      },
      tags: [
        'compiler',
        'indexing',
      ],
      notation: 'Runtime component',
      technology: 'PSI + K2 Analysis API',
      kind: 'service',
      navigateTo: '__kast_indexer_graphExtractor',
      x: 4824,
      y: 0,
      width: 356,
      height: 180,
      labelBBox: {
        x: 37,
        y: 46,
        width: 281,
        height: 84,
      },
      links: null,
    },
    {
      id: 'kast.indexer.graphWriter',
      parent: null,
      level: 0,
      children: [],
      inEdges: [
        'step-02:alt.02:else.07',
      ],
      outEdges: [
        'step-02:alt.02:else.08',
      ],
      title: 'SemanticGraphWriter',
      modelRef: 'kast.indexer.graphWriter',
      shape: 'component',
      color: 'blue',
      style: {
        opacity: 15,
        size: 'md',
      },
      description: {
        txt: 'Replaces selected semantic_files and advances the shared generation.',
      },
      tags: [
        'indexing',
      ],
      notation: 'Runtime component',
      technology: 'SQLite transaction',
      kind: 'service',
      navigateTo: '__kast_indexer_graphWriter',
      x: 5260,
      y: 0,
      width: 399,
      height: 180,
      labelBBox: {
        x: 38,
        y: 46,
        width: 323,
        height: 84,
      },
      links: null,
    },
    {
      id: 'kast.evidence.index.writer',
      parent: null,
      level: 0,
      children: [],
      inEdges: [
        'step-02:alt.02:else.08',
      ],
      outEdges: [],
      title: 'Serialized SQLite writer',
      modelRef: 'kast.evidence.index.writer',
      shape: 'component',
      color: 'blue',
      style: {
        opacity: 15,
        size: 'md',
      },
      description: {
        txt: 'Keeps compiler scans outside transactions and serializes commits.',
      },
      tags: [
        'persisted',
      ],
      notation: 'Runtime component',
      kind: 'service',
      navigateTo: '__kast_evidence_index_writer',
      x: 5739,
      y: 0,
      width: 393,
      height: 180,
      labelBBox: {
        x: 38,
        y: 56,
        width: 318,
        height: 65,
      },
      links: null,
    },
  ],
  edges: [
    {
      id: 'step-01',
      source: 'developer',
      target: 'kast.cli',
      label: 'changes source or requests refresh',
      points: [
        [
          8360,
          242,
        ],
        [
          8250,
          281,
        ],
        [
          8105,
          332,
        ],
        [
          7990,
          373,
        ],
      ],
      labelBBox: {
        x: 0,
        y: 0,
        width: 262,
        height: 43,
      },
      parent: null,
      relations: [
        '2ehpkm',
      ],
      color: 'primary',
      line: 'solid',
      head: 'normal',
      tags: [],
      kind: 'call',
      technology: 'typed call',
      astPath: '/steps@0',
      controlPoints: null,
      navigateTo: null,
    },
    {
      id: 'step-02:alt.01:when.01',
      source: 'codexHooks',
      target: 'kast.cli',
      label: 'invokes public refresh',
      points: [
        [
          8365,
          466,
        ],
        [
          8255,
          461,
        ],
        [
          8107,
          455,
        ],
        [
          7991,
          449,
        ],
      ],
      labelBBox: {
        x: 0,
        y: 0,
        width: 177,
        height: 42,
      },
      parent: null,
      relations: [
        'f3sukr',
      ],
      color: 'primary',
      line: 'solid',
      head: 'normal',
      tags: [],
      kind: 'call',
      technology: 'typed call',
      astPath: '/steps@1/branches@0/steps@0',
      controlPoints: null,
      navigateTo: null,
    },
    {
      id: 'step-02:alt.01:when.02',
      source: 'kast.cli',
      target: 'kast.agent',
      label: 'requires exact-root READY',
      points: [
        [
          7619,
          405,
        ],
        [
          7599,
          401,
        ],
        [
          7579,
          397,
        ],
        [
          7559,
          394,
        ],
        [
          7475,
          378,
        ],
        [
          7382,
          363,
        ],
        [
          7301,
          350,
        ],
      ],
      labelBBox: {
        x: 0,
        y: 0,
        width: 211,
        height: 43,
      },
      parent: null,
      relations: [
        '1lp10h9',
      ],
      color: 'primary',
      line: 'solid',
      head: 'normal',
      tags: [],
      kind: 'call',
      technology: 'typed call',
      astPath: '/steps@1/branches@0/steps@1',
      controlPoints: null,
      navigateTo: null,
    },
    {
      id: 'step-02:alt.01:when.03',
      source: 'kast.agent',
      target: 'kast.rpcClient',
      label: 'sends selected paths',
      points: [
        [
          6906,
          318,
        ],
        [
          6799,
          318,
        ],
        [
          6664,
          318,
        ],
        [
          6555,
          318,
        ],
      ],
      labelBBox: {
        x: 0,
        y: 0,
        width: 237,
        height: 43,
      },
      parent: null,
      relations: [
        '1xlhmez',
      ],
      color: 'secondary',
      line: 'dashed',
      head: 'vee',
      tags: [],
      kind: 'transport',
      technology: 'JSON-RPC over local transport',
      astPath: '/steps@1/branches@0/steps@2',
      controlPoints: null,
      navigateTo: null,
    },
    {
      id: 'step-02:alt.01:when.04',
      source: 'kast.rpcClient',
      target: 'kast.server.dispatcher',
      label: 'opens request',
      points: [
        [
          6150,
          318,
        ],
        [
          6041,
          318,
        ],
        [
          5906,
          318,
        ],
        [
          5798,
          318,
        ],
      ],
      labelBBox: {
        x: 0,
        y: 0,
        width: 237,
        height: 43,
      },
      parent: null,
      relations: [
        'usczok',
      ],
      color: 'secondary',
      line: 'dashed',
      head: 'vee',
      tags: [],
      kind: 'transport',
      technology: 'JSON-RPC over local transport',
      astPath: '/steps@1/branches@0/steps@3',
      controlPoints: null,
      navigateTo: null,
    },
    {
      id: 'step-02:alt.01:when.05',
      source: 'kast.server.dispatcher',
      target: 'kast.server.router',
      label: 'routes refresh',
      points: [
        [
          5431,
          320,
        ],
        [
          5339,
          321,
        ],
        [
          5227,
          323,
        ],
        [
          5131,
          324,
        ],
      ],
      labelBBox: {
        x: 0,
        y: 0,
        width: 127,
        height: 43,
      },
      parent: null,
      relations: [
        'liiwsd',
      ],
      color: 'primary',
      line: 'solid',
      head: 'normal',
      tags: [],
      kind: 'call',
      technology: 'typed call',
      astPath: '/steps@1/branches@0/steps@4',
      controlPoints: null,
      navigateTo: null,
    },
    {
      id: 'step-02:alt.01:when.06',
      source: 'kast.server.router',
      target: 'kast.server.orchestrator',
      label: 'dispatches compiler work',
      points: [
        [
          4731,
          327,
        ],
        [
          4634,
          327,
        ],
        [
          4516,
          328,
        ],
        [
          4417,
          328,
        ],
      ],
      labelBBox: {
        x: 0,
        y: 0,
        width: 199,
        height: 43,
      },
      parent: null,
      relations: [
        'p576s7',
      ],
      color: 'primary',
      line: 'solid',
      head: 'normal',
      tags: [],
      kind: 'call',
      technology: 'typed call',
      astPath: '/steps@1/branches@0/steps@5',
      controlPoints: null,
      navigateTo: null,
    },
    {
      id: 'step-02:alt.01:when.07',
      source: 'kast.server.orchestrator',
      target: 'kast.indexer.refresh',
      label: 'refreshes VFS and PSI',
      points: [
        [
          4030,
          331,
        ],
        [
          3939,
          331,
        ],
        [
          3829,
          333,
        ],
        [
          3737,
          334,
        ],
      ],
      labelBBox: {
        x: 0,
        y: 0,
        width: 185,
        height: 42,
      },
      parent: null,
      relations: [
        '1cq1x8p',
      ],
      color: 'amber',
      line: 'dotted',
      head: 'vee',
      tags: [],
      kind: 'refresh',
      technology: 'explicit refresh',
      astPath: '/steps@1/branches@0/steps@6',
      controlPoints: null,
      navigateTo: null,
    },
    {
      id: 'step-02:alt.01:when.08',
      source: 'kast.indexer.refresh',
      target: 'kast.indexer.diagnostics',
      label: 'collects diagnostics',
      points: [
        [
          3347,
          342,
        ],
        [
          3262,
          344,
        ],
        [
          3162,
          347,
        ],
        [
          3078,
          350,
        ],
      ],
      labelBBox: {
        x: 0,
        y: 0,
        width: 163,
        height: 43,
      },
      parent: null,
      relations: [
        '46z0ii',
      ],
      color: 'primary',
      line: 'solid',
      head: 'normal',
      tags: [],
      kind: 'call',
      technology: 'typed call',
      astPath: '/steps@1/branches@0/steps@7',
      controlPoints: null,
      navigateTo: null,
    },
    {
      id: 'step-02:alt.01:when.09',
      source: 'kast.indexer.diagnostics',
      target: 'kast.indexer.refreshStatus',
      label: 'returns admission evidence',
      points: [
        [
          2738,
          356,
        ],
        [
          2640,
          356,
        ],
        [
          2517,
          356,
        ],
        [
          2418,
          356,
        ],
      ],
      labelBBox: {
        x: 0,
        y: 0,
        width: 212,
        height: 43,
      },
      parent: null,
      relations: [
        '32b6fd',
      ],
      color: 'green',
      line: 'solid',
      head: 'normal',
      tags: [],
      kind: 'evidence',
      technology: 'proof-carrying result',
      astPath: '/steps@1/branches@0/steps@8',
      controlPoints: null,
      navigateTo: null,
    },
    {
      id: 'step-02:alt.02:else.01',
      source: 'kast.cli',
      target: 'kast.agent',
      label: 'expands exact scope',
      points: [
        [
          7619,
          477,
        ],
        [
          7536,
          487,
        ],
        [
          7437,
          490,
        ],
        [
          7351,
          466,
        ],
        [
          7310,
          455,
        ],
        [
          7268,
          435,
        ],
        [
          7231,
          413,
        ],
      ],
      labelBBox: {
        x: 0,
        y: 0,
        width: 182,
        height: 42,
      },
      parent: null,
      relations: [
        '1lp10h9',
      ],
      color: 'primary',
      line: 'solid',
      head: 'normal',
      tags: [],
      kind: 'call',
      technology: 'typed call',
      astPath: '/steps@1/branches@1/steps@0',
      controlPoints: null,
      navigateTo: null,
    },
    {
      id: 'step-02:alt.02:else.02',
      source: 'kast.agent',
      target: 'kast.rpcClient',
      label: 'sends graph request',
      points: [
        [
          6906,
          379,
        ],
        [
          6886,
          383,
        ],
        [
          6866,
          387,
        ],
        [
          6846,
          390,
        ],
        [
          6740,
          405,
        ],
        [
          6711,
          405,
        ],
        [
          6605,
          390,
        ],
        [
          6588,
          388,
        ],
        [
          6571,
          385,
        ],
        [
          6554,
          381,
        ],
      ],
      labelBBox: {
        x: 0,
        y: 0,
        width: 245,
        height: 42,
      },
      parent: null,
      relations: [
        '1xlhmez',
      ],
      color: 'secondary',
      line: 'dashed',
      head: 'vee',
      tags: [],
      kind: 'transport',
      technology: 'JSON-RPC over local transport',
      astPath: '/steps@1/branches@1/steps@1',
      controlPoints: null,
      navigateTo: null,
    },
    {
      id: 'step-02:alt.02:else.03',
      source: 'kast.rpcClient',
      target: 'kast.server.dispatcher',
      label: 'opens request',
      points: [
        [
          6150,
          379,
        ],
        [
          6130,
          384,
        ],
        [
          6110,
          387,
        ],
        [
          6090,
          390,
        ],
        [
          5984,
          405,
        ],
        [
          5955,
          406,
        ],
        [
          5849,
          390,
        ],
        [
          5832,
          388,
        ],
        [
          5815,
          384,
        ],
        [
          5798,
          380,
        ],
      ],
      labelBBox: {
        x: 0,
        y: 0,
        width: 244,
        height: 42,
      },
      parent: null,
      relations: [
        'usczok',
      ],
      color: 'secondary',
      line: 'dashed',
      head: 'vee',
      tags: [],
      kind: 'transport',
      technology: 'JSON-RPC over local transport',
      astPath: '/steps@1/branches@1/steps@2',
      controlPoints: null,
      navigateTo: null,
    },
    {
      id: 'step-02:alt.02:else.04',
      source: 'kast.server.dispatcher',
      target: 'kast.server.router',
      label: 'routes graph extraction',
      points: [
        [
          5431,
          383,
        ],
        [
          5411,
          388,
        ],
        [
          5391,
          393,
        ],
        [
          5371,
          396,
        ],
        [
          5288,
          410,
        ],
        [
          5265,
          407,
        ],
        [
          5181,
          396,
        ],
        [
          5165,
          394,
        ],
        [
          5148,
          391,
        ],
        [
          5131,
          387,
        ],
      ],
      labelBBox: {
        x: 0,
        y: 0,
        width: 193,
        height: 42,
      },
      parent: null,
      relations: [
        'liiwsd',
      ],
      color: 'primary',
      line: 'solid',
      head: 'normal',
      tags: [],
      kind: 'call',
      technology: 'typed call',
      astPath: '/steps@1/branches@1/steps@3',
      controlPoints: null,
      navigateTo: null,
    },
    {
      id: 'step-02:alt.02:else.05',
      source: 'kast.server.router',
      target: 'kast.server.orchestrator',
      label: 'dispatches compiler work',
      points: [
        [
          4731,
          389,
        ],
        [
          4711,
          393,
        ],
        [
          4691,
          397,
        ],
        [
          4671,
          400,
        ],
        [
          4581,
          413,
        ],
        [
          4557,
          413,
        ],
        [
          4467,
          400,
        ],
        [
          4451,
          398,
        ],
        [
          4434,
          395,
        ],
        [
          4417,
          391,
        ],
      ],
      labelBBox: {
        x: 0,
        y: 0,
        width: 207,
        height: 42,
      },
      parent: null,
      relations: [
        'p576s7',
      ],
      color: 'primary',
      line: 'solid',
      head: 'normal',
      tags: [],
      kind: 'call',
      technology: 'typed call',
      astPath: '/steps@1/branches@1/steps@4',
      controlPoints: null,
      navigateTo: null,
    },
    {
      id: 'step-02:alt.02:else.06',
      source: 'kast.server.orchestrator',
      target: 'kast.indexer.graphExtractor',
      label: 'extracts selected facts',
      points: [
        [
          4088,
          239,
        ],
        [
          3956,
          156,
        ],
        [
          3742,
          46,
        ],
        [
          3538,
          46,
        ],
        [
          3538,
          46,
        ],
        [
          3538,
          46,
        ],
        [
          2247,
          46,
        ],
        [
          2096,
          46,
        ],
        [
          1930,
          89,
        ],
        [
          1806,
          129,
        ],
      ],
      labelBBox: {
        x: 0,
        y: 0,
        width: 189,
        height: 43,
      },
      parent: null,
      relations: [
        'ffv9k9',
      ],
      color: 'amber',
      line: 'dotted',
      head: 'vee',
      tags: [],
      kind: 'refresh',
      technology: 'explicit refresh',
      astPath: '/steps@1/branches@1/steps@5',
      controlPoints: null,
      navigateTo: null,
    },
    {
      id: 'step-02:alt.02:else.07',
      source: 'kast.indexer.graphExtractor',
      target: 'kast.indexer.graphWriter',
      label: 'submits replacement',
      points: [
        [
          1441,
          201,
        ],
        [
          1353,
          201,
        ],
        [
          1246,
          201,
        ],
        [
          1155,
          201,
        ],
      ],
      labelBBox: {
        x: 0,
        y: 0,
        width: 178,
        height: 43,
      },
      parent: null,
      relations: [
        '19jw3zg',
      ],
      color: 'primary',
      line: 'solid',
      head: 'normal',
      tags: [],
      kind: 'call',
      technology: 'typed call',
      astPath: '/steps@1/branches@1/steps@6',
      controlPoints: null,
      navigateTo: null,
    },
    {
      id: 'step-02:alt.02:else.08',
      source: 'kast.indexer.graphWriter',
      target: 'kast.evidence.index.writer',
      label: 'commits selected files',
      points: [
        [
          745,
          201,
        ],
        [
          640,
          201,
        ],
        [
          510,
          201,
        ],
        [
          403,
          201,
        ],
      ],
      labelBBox: {
        x: 0,
        y: 0,
        width: 234,
        height: 43,
      },
      parent: null,
      relations: [
        '1v9dqs8',
      ],
      color: 'green',
      line: 'solid',
      head: 'normal',
      tags: [],
      kind: 'retain',
      technology: 'generation-bound persistence',
      astPath: '/steps@1/branches@1/steps@7',
      controlPoints: null,
      navigateTo: null,
    },
    {
      id: 'step-02:alt.02:else.09',
      source: 'kast.indexer.graphExtractor',
      target: 'kast.indexer.refreshStatus',
      label: 'returns coverage',
      points: [
        [
          2079,
          314,
        ],
        [
          1991,
          292,
        ],
        [
          1885,
          266,
        ],
        [
          1797,
          244,
        ],
      ],
      labelBBox: {
        x: 0,
        y: 0,
        width: 174,
        height: 43,
      },
      dir: 'back',
      parent: null,
      relations: [
        '1piytsw',
      ],
      color: 'green',
      line: 'solid',
      head: 'normal',
      tags: [],
      kind: 'evidence',
      technology: 'proof-carrying result',
      astPath: '/steps@1/branches@1/steps@8',
      controlPoints: null,
      navigateTo: null,
    },
    {
      id: 'step-03',
      source: 'kast.indexer.refreshStatus',
      target: 'kast.cli',
      label: 'projects typed refresh evidence',
      points: [
        [
          7610,
          513,
        ],
        [
          7471,
          559,
        ],
        [
          7276,
          612,
        ],
        [
          7100,
          612,
        ],
        [
          7100,
          612,
        ],
        [
          7100,
          612,
        ],
        [
          2902,
          612,
        ],
        [
          2715,
          612,
        ],
        [
          2517,
          519,
        ],
        [
          2389,
          446,
        ],
      ],
      labelBBox: {
        x: 0,
        y: 0,
        width: 244,
        height: 29,
      },
      dir: 'back',
      parent: null,
      relations: [],
      color: 'slate',
      line: 'solid',
      head: 'vee',
      tags: [],
      astPath: '/steps@2',
      controlPoints: null,
      navigateTo: null,
    },
    {
      id: 'step-04',
      source: 'kast.cli',
      target: 'developer',
      label: 'receives readiness or limitation',
      points: [
        [
          8399,
          280,
        ],
        [
          8384,
          295,
        ],
        [
          8371,
          312,
        ],
        [
          8360,
          329,
        ],
        [
          8310,
          407,
        ],
        [
          8374,
          473,
        ],
        [
          8300,
          528,
        ],
        [
          8206,
          598,
        ],
        [
          8075,
          572,
        ],
        [
          7971,
          531,
        ],
      ],
      labelBBox: {
        x: 0,
        y: 0,
        width: 241,
        height: 29,
      },
      dir: 'back',
      parent: null,
      relations: [],
      color: 'slate',
      line: 'solid',
      head: 'vee',
      tags: [],
      astPath: '/steps@3',
      controlPoints: null,
      navigateTo: null,
    },
  ],
  _layout: 'manual',
}
